// Jest Snapshot v1, https://goo.gl/fbAQLP

exports[`choose exercises component matches snapshot 1`] = `
.c1 {
  font-weight: 700;
  color: #424242;
}

.c2 {
  display: inline-block;
}

.c0 {
  font-size: 2.8rem;
  font-weight: bold;
  line-height: 3.5rem;
}

<div
  className="openstax-debug-content"
>
  <div
    data-purpose="tour-conductor-wrapper"
  >
    <div>
      <div
        className="homework-builder-view"
        data-tour-region-id="add-homework-select-exercises"
      >
        <div
          className="exercise-cards"
        >
          <div
            className="exercise-sections"
            data-section="2.1"
          >
            <label
              className="c0"
            >
              <span
                className="chapter-section c1"
                data-chapter-section="2.1"
              >
                2.1
              </span>
               
              <div
                className="c2"
                dangerouslySetInnerHTML={
                  Object {
                    "__html": "Mechanics in 1 dim",
                  }
                }
              />
            </label>
            <div
              className="exercises"
            >
              <div
                className="tour-anchor"
                data-tour-anchor-id="exercise-preview"
              >
                <div
                  className="openstax-exercise-preview exercise-card has-actions non-interactive is-vertically-truncated card"
                  data-exercise-id="46@1"
                  tabIndex={-1}
                >
                  <div
                    className="card-body"
                  >
                    <div
                      className="controls-overlay"
                      onClick={[Function]}
                    >
                      <div
                        className="message"
                      >
                        <div
                          className="action include"
                          onClick={[Function]}
                        >
                          <span>
                            Add question
                          </span>
                        </div>
                        <div
                          className="action details"
                          onClick={[Function]}
                        >
                          <span>
                            Question details
                          </span>
                        </div>
                      </div>
                    </div>
                    <div
                      className="exercise-body"
                    >
                      <div
                        className="openstax-question openstax-question-preview"
                      >
                        <div
                          dangerouslySetInnerHTML={
                            Object {
                              "__html": "What conditions imply that we can use classical physics without considering special relativity or quantum mechanics?",
                            }
                          }
                        />
                        <div
                          className="answers-table"
                        >
                          <div
                            className="openstax-answer"
                          >
                            <section
                              className="answers-answer disabled"
                              role="region"
                            >
                              <div
                                className="correct-incorrect"
                              />
                              <label
                                className="answer-label"
                                htmlFor="46-option-0"
                                onKeyPress={[Function]}
                              >
                                <button
                                  aria-label="Choice a:"
                                  className="answer-letter"
                                  disabled={true}
                                >
                                  a
                                </button>
                                <div
                                  className="answer-answer"
                                >
                                  <div
                                    dangerouslySetInnerHTML={
                                      Object {
                                        "__html": "<ol>
  <li>matter is moving at speeds greater than roughly 1% the speed of light,</li>
  <li>objects are large enough to be seen with the naked eye, and</li>
  <li>there is the involvement of a strong gravitational field</li>
</ol>
",
                                      }
                                    }
                                  />
                                </div>
                              </label>
                            </section>
                          </div>
                          <div
                            className="openstax-answer"
                          >
                            <section
                              className="answers-answer disabled"
                              role="region"
                            >
                              <div
                                className="correct-incorrect"
                              />
                              <label
                                className="answer-label"
                                htmlFor="46-option-1"
                                onKeyPress={[Function]}
                              >
                                <button
                                  aria-label="Choice b:"
                                  className="answer-letter"
                                  disabled={true}
                                >
                                  b
                                </button>
                                <div
                                  className="answer-answer"
                                >
                                  <div
                                    dangerouslySetInnerHTML={
                                      Object {
                                        "__html": "<ol>
  <li>matter is moving at speeds of less than roughly 1% the speed of light,</li>
  <li>objects are large enough to be seen with the naked eye, and</li>
  <li>there is the involvement of a strong gravitational field</li>
</ol>
",
                                      }
                                    }
                                  />
                                </div>
                              </label>
                            </section>
                          </div>
                          <div
                            className="openstax-answer"
                          >
                            <section
                              className="answers-answer disabled"
                              role="region"
                            >
                              <div
                                className="correct-incorrect"
                              />
                              <label
                                className="answer-label"
                                htmlFor="46-option-2"
                                onKeyPress={[Function]}
                              >
                                <button
                                  aria-label="Choice c:"
                                  className="answer-letter"
                                  disabled={true}
                                >
                                  c
                                </button>
                                <div
                                  className="answer-answer"
                                >
                                  <div
                                    dangerouslySetInnerHTML={
                                      Object {
                                        "__html": "<ol>
  <li>matter is moving at speeds of less than roughly 1% the speed of light,</li>
  <li>objects are large enough to be seen with the naked eye, and</li>
  <li>there is the involvement of a weak gravitational field</li>
</ol>
",
                                      }
                                    }
                                  />
                                </div>
                              </label>
                            </section>
                          </div>
                          <div
                            className="openstax-answer"
                          >
                            <section
                              className="answers-answer disabled"
                              role="region"
                            >
                              <div
                                className="correct-incorrect"
                              />
                              <label
                                className="answer-label"
                                htmlFor="46-option-3"
                                onKeyPress={[Function]}
                              >
                                <button
                                  aria-label="Choice d:"
                                  className="answer-letter"
                                  disabled={true}
                                >
                                  d
                                </button>
                                <div
                                  className="answer-answer"
                                >
                                  <div
                                    dangerouslySetInnerHTML={
                                      Object {
                                        "__html": "<ol>
  <li>matter is moving at speeds of less than roughly 1% the speed of light,</li>
  <li>objects are too small to be seen with the naked eye, and</li>
  <li>there is the involvement of only a weak gravitational field</li>
</ol>
",
                                      }
                                    }
                                  />
                                </div>
                              </label>
                            </section>
                          </div>
                          <div
                            className="openstax-answer"
                          >
                            <section
                              className="answers-answer disabled"
                              role="region"
                            >
                              <div
                                className="correct-incorrect"
                              />
                              <label
                                className="answer-label"
                                htmlFor="46-option-4"
                                onKeyPress={[Function]}
                              >
                                <button
                                  aria-label="Choice e:"
                                  className="answer-letter"
                                  disabled={true}
                                >
                                  e
                                </button>
                                <div
                                  className="answer-answer"
                                >
                                  <div
                                    dangerouslySetInnerHTML={
                                      Object {
                                        "__html": "<ol>
  <li>matter is moving at speeds greater than roughly 1% the speed of light,</li>
  <li>objects are large enough to be seen with the naked eye, and</li>
  <li>there is the involvement of a strong gravitational field</li>
</ol>
",
                                      }
                                    }
                                  />
                                </div>
                              </label>
                            </section>
                          </div>
                        </div>
                        <div
                          className="detailed-solution"
                        >
                          <div
                            className="header"
                          >
                            Detailed solution
                          </div>
                          <div
                            dangerouslySetInnerHTML={
                              Object {
                                "__html": "four",
                              }
                            }
                          />
                        </div>
                      </div>
                    </div>
                    <div
                      className="exercise-tags"
                    >
                      <span
                        className="exercise-tag"
                      >
                        lo:stax-phys:1-2-1
                      </span>
                      <span
                        className="exercise-tag"
                      >
                        blooms:3
                      </span>
                      <span
                        className="exercise-tag"
                      >
                        dok:3
                      </span>
                      <span
                        className="exercise-tag"
                      >
                        time:long
                      </span>
                      <span
                        className="exercise-tag"
                      >
                        ID:46@1
                      </span>
                    </div>
                  </div>
                </div>
              </div>
              <div
                className="tour-anchor"
                data-tour-anchor-id="exercise-preview"
              >
                <div
                  className="openstax-exercise-preview exercise-card has-actions non-interactive is-vertically-truncated card"
                  data-exercise-id="47@1"
                  tabIndex={-1}
                >
                  <div
                    className="card-body"
                  >
                    <div
                      className="controls-overlay"
                      onClick={[Function]}
                    >
                      <div
                        className="message"
                      >
                        <div
                          className="action include"
                          onClick={[Function]}
                        >
                          <span>
                            Add question
                          </span>
                        </div>
                        <div
                          className="action details"
                          onClick={[Function]}
                        >
                          <span>
                            Question details
                          </span>
                        </div>
                      </div>
                    </div>
                    <div
                      className="exercise-body"
                    >
                      <div
                        className="openstax-question openstax-question-preview"
                      >
                        <div
                          dangerouslySetInnerHTML={
                            Object {
                              "__html": "How could physics be useful in weather prediction?",
                            }
                          }
                        />
                        <div
                          className="answers-table"
                        >
                          <div
                            className="openstax-answer"
                          >
                            <section
                              className="answers-answer disabled"
                              role="region"
                            >
                              <div
                                className="correct-incorrect"
                              />
                              <label
                                className="answer-label"
                                htmlFor="47-option-0"
                                onKeyPress={[Function]}
                              >
                                <button
                                  aria-label="Choice a:"
                                  className="answer-letter"
                                  disabled={true}
                                >
                                  a
                                </button>
                                <div
                                  className="answer-answer"
                                >
                                  <div
                                    dangerouslySetInnerHTML={
                                      Object {
                                        "__html": "Physics helps in predicting how burning fossil fuel releases pollutants.",
                                      }
                                    }
                                  />
                                </div>
                              </label>
                            </section>
                          </div>
                          <div
                            className="openstax-answer"
                          >
                            <section
                              className="answers-answer disabled"
                              role="region"
                            >
                              <div
                                className="correct-incorrect"
                              />
                              <label
                                className="answer-label"
                                htmlFor="47-option-1"
                                onKeyPress={[Function]}
                              >
                                <button
                                  aria-label="Choice b:"
                                  className="answer-letter"
                                  disabled={true}
                                >
                                  b
                                </button>
                                <div
                                  className="answer-answer"
                                >
                                  <div
                                    dangerouslySetInnerHTML={
                                      Object {
                                        "__html": "Physics helps in predicting how the flowing water affects Earth’s surface.",
                                      }
                                    }
                                  />
                                </div>
                              </label>
                            </section>
                          </div>
                          <div
                            className="openstax-answer"
                          >
                            <section
                              className="answers-answer disabled"
                              role="region"
                            >
                              <div
                                className="correct-incorrect"
                              />
                              <label
                                className="answer-label"
                                htmlFor="47-option-2"
                                onKeyPress={[Function]}
                              >
                                <button
                                  aria-label="Choice c:"
                                  className="answer-letter"
                                  disabled={true}
                                >
                                  c
                                </button>
                                <div
                                  className="answer-answer"
                                >
                                  <div
                                    dangerouslySetInnerHTML={
                                      Object {
                                        "__html": "Physics helps in predicting the motion of tectonic plates.",
                                      }
                                    }
                                  />
                                </div>
                              </label>
                            </section>
                          </div>
                          <div
                            className="openstax-answer"
                          >
                            <section
                              className="answers-answer disabled"
                              role="region"
                            >
                              <div
                                className="correct-incorrect"
                              />
                              <label
                                className="answer-label"
                                htmlFor="47-option-3"
                                onKeyPress={[Function]}
                              >
                                <button
                                  aria-label="Choice d:"
                                  className="answer-letter"
                                  disabled={true}
                                >
                                  d
                                </button>
                                <div
                                  className="answer-answer"
                                >
                                  <div
                                    dangerouslySetInnerHTML={
                                      Object {
                                        "__html": "Physics helps in predicting dynamics and movement of weather phenomena.",
                                      }
                                    }
                                  />
                                </div>
                              </label>
                            </section>
                          </div>
                          <div
                            className="openstax-answer"
                          >
                            <section
                              className="answers-answer disabled"
                              role="region"
                            >
                              <div
                                className="correct-incorrect"
                              />
                              <label
                                className="answer-label"
                                htmlFor="47-option-4"
                                onKeyPress={[Function]}
                              >
                                <button
                                  aria-label="Choice e:"
                                  className="answer-letter"
                                  disabled={true}
                                >
                                  e
                                </button>
                                <div
                                  className="answer-answer"
                                >
                                  <div
                                    dangerouslySetInnerHTML={
                                      Object {
                                        "__html": "Physics helps in predicting how burning fossil fuel releases pollutants.",
                                      }
                                    }
                                  />
                                </div>
                              </label>
                            </section>
                          </div>
                        </div>
                        <div
                          className="detailed-solution"
                        >
                          <div
                            className="header"
                          >
                            Detailed solution
                          </div>
                          <div
                            dangerouslySetInnerHTML={
                              Object {
                                "__html": "four",
                              }
                            }
                          />
                        </div>
                      </div>
                    </div>
                    <div
                      className="exercise-tags"
                    >
                      <span
                        className="exercise-tag"
                      >
                        lo:stax-phys:1-2-1
                      </span>
                      <span
                        className="exercise-tag"
                      >
                        blooms:3
                      </span>
                      <span
                        className="exercise-tag"
                      >
                        dok:3
                      </span>
                      <span
                        className="exercise-tag"
                      >
                        time:long
                      </span>
                      <span
                        className="exercise-tag"
                      >
                        ID:47@1
                      </span>
                    </div>
                  </div>
                </div>
              </div>
              <div
                className="tour-anchor"
                data-tour-anchor-id="exercise-preview"
              >
                <div
                  className="openstax-exercise-preview exercise-card has-actions non-interactive is-vertically-truncated card"
                  data-exercise-id="48@1"
                  tabIndex={-1}
                >
                  <div
                    className="card-body"
                  >
                    <div
                      className="controls-overlay"
                      onClick={[Function]}
                    >
                      <div
                        className="message"
                      >
                        <div
                          className="action include"
                          onClick={[Function]}
                        >
                          <span>
                            Add question
                          </span>
                        </div>
                        <div
                          className="action details"
                          onClick={[Function]}
                        >
                          <span>
                            Question details
                          </span>
                        </div>
                      </div>
                    </div>
                    <div
                      className="exercise-body"
                    >
                      <div
                        className="openstax-question openstax-question-preview"
                      >
                        <div
                          dangerouslySetInnerHTML={
                            Object {
                              "__html": "<b>Meter-area reduction in copper</b> - does it affect the speed of light, etc?",
                            }
                          }
                        />
                        <div
                          dangerouslySetInnerHTML={
                            Object {
                              "__html": "In what sense does Einstein’s theory of relativity illustrate that physics describes fundamental aspects of our universe?",
                            }
                          }
                        />
                        <div
                          className="answers-table"
                        >
                          <div
                            className="openstax-answer"
                          >
                            <section
                              className="answers-answer disabled"
                              role="region"
                            >
                              <div
                                className="correct-incorrect"
                              />
                              <label
                                className="answer-label"
                                htmlFor="48-option-0"
                                onKeyPress={[Function]}
                              >
                                <button
                                  aria-label="Choice a:"
                                  className="answer-letter"
                                  disabled={true}
                                >
                                  a
                                </button>
                                <div
                                  className="answer-answer"
                                >
                                  <div
                                    dangerouslySetInnerHTML={
                                      Object {
                                        "__html": "It describes how a frame of reference is necessary to describe position or motion.",
                                      }
                                    }
                                  />
                                </div>
                              </label>
                            </section>
                          </div>
                          <div
                            className="openstax-answer"
                          >
                            <section
                              className="answers-answer disabled"
                              role="region"
                            >
                              <div
                                className="correct-incorrect"
                              />
                              <label
                                className="answer-label"
                                htmlFor="48-option-1"
                                onKeyPress={[Function]}
                              >
                                <button
                                  aria-label="Choice b:"
                                  className="answer-letter"
                                  disabled={true}
                                >
                                  b
                                </button>
                                <div
                                  className="answer-answer"
                                >
                                  <div
                                    dangerouslySetInnerHTML={
                                      Object {
                                        "__html": "It describes how people think of other people’s views from their own frame of reference.",
                                      }
                                    }
                                  />
                                </div>
                              </label>
                            </section>
                          </div>
                          <div
                            className="openstax-answer"
                          >
                            <section
                              className="answers-answer disabled"
                              role="region"
                            >
                              <div
                                className="correct-incorrect"
                              />
                              <label
                                className="answer-label"
                                htmlFor="48-option-2"
                                onKeyPress={[Function]}
                              >
                                <button
                                  aria-label="Choice c:"
                                  className="answer-letter"
                                  disabled={true}
                                >
                                  c
                                </button>
                                <div
                                  className="answer-answer"
                                >
                                  <div
                                    dangerouslySetInnerHTML={
                                      Object {
                                        "__html": "It describes how different parts of the universe are far apart and do not affect each other",
                                      }
                                    }
                                  />
                                </div>
                              </label>
                            </section>
                          </div>
                          <div
                            className="openstax-answer"
                          >
                            <section
                              className="answers-answer disabled"
                              role="region"
                            >
                              <div
                                className="correct-incorrect"
                              />
                              <label
                                className="answer-label"
                                htmlFor="48-option-3"
                                onKeyPress={[Function]}
                              >
                                <button
                                  aria-label="Choice d:"
                                  className="answer-letter"
                                  disabled={true}
                                >
                                  d
                                </button>
                                <div
                                  className="answer-answer"
                                >
                                  <div
                                    dangerouslySetInnerHTML={
                                      Object {
                                        "__html": "It describes how speed affects different observers’ measurements of time and space.",
                                      }
                                    }
                                  />
                                </div>
                              </label>
                            </section>
                          </div>
                          <div
                            className="openstax-answer"
                          >
                            <section
                              className="answers-answer disabled"
                              role="region"
                            >
                              <div
                                className="correct-incorrect"
                              />
                              <label
                                className="answer-label"
                                htmlFor="48-option-4"
                                onKeyPress={[Function]}
                              >
                                <button
                                  aria-label="Choice e:"
                                  className="answer-letter"
                                  disabled={true}
                                >
                                  e
                                </button>
                                <div
                                  className="answer-answer"
                                >
                                  <div
                                    dangerouslySetInnerHTML={
                                      Object {
                                        "__html": "It describes how a frame of reference is necessary to describe position or motion.",
                                      }
                                    }
                                  />
                                </div>
                              </label>
                            </section>
                          </div>
                        </div>
                        <div
                          className="detailed-solution"
                        >
                          <div
                            className="header"
                          >
                            Detailed solution
                          </div>
                          <div
                            dangerouslySetInnerHTML={
                              Object {
                                "__html": "four",
                              }
                            }
                          />
                        </div>
                      </div>
                    </div>
                    <div
                      className="exercise-tags"
                    >
                      <span
                        className="exercise-tag"
                      >
                        lo:stax-phys:1-2-1
                      </span>
                      <span
                        className="exercise-tag"
                      >
                        blooms:3
                      </span>
                      <span
                        className="exercise-tag"
                      >
                        dok:3
                      </span>
                      <span
                        className="exercise-tag"
                      >
                        time:long
                      </span>
                      <span
                        className="exercise-tag"
                      >
                        ID:48@1
                      </span>
                    </div>
                  </div>
                </div>
              </div>
            </div>
          </div>
          <div
            className="exercise-sections"
            data-section="2.2"
          >
            <label
              className="c0"
            >
              <span
                className="chapter-section c1"
                data-chapter-section="2.2"
              >
                2.2
              </span>
               
              <div
                className="c2"
                dangerouslySetInnerHTML={
                  Object {
                    "__html": "Mechanics in 2 dim",
                  }
                }
              />
            </label>
            <div
              className="exercises"
            >
              <div
                className="tour-anchor"
                data-tour-anchor-id="exercise-preview"
              >
                <div
                  className="openstax-exercise-preview exercise-card has-actions non-interactive is-vertically-truncated card"
                  data-exercise-id="50@1"
                  tabIndex={-1}
                >
                  <div
                    className="card-body"
                  >
                    <div
                      className="controls-overlay"
                      onClick={[Function]}
                    >
                      <div
                        className="message"
                      >
                        <div
                          className="action include"
                          onClick={[Function]}
                        >
                          <span>
                            Add question
                          </span>
                        </div>
                        <div
                          className="action details"
                          onClick={[Function]}
                        >
                          <span>
                            Question details
                          </span>
                        </div>
                      </div>
                    </div>
                    <div
                      className="exercise-body"
                    >
                      <div
                        className="openstax-question openstax-question-preview"
                      >
                        <div
                          dangerouslySetInnerHTML={
                            Object {
                              "__html": "Which statement best compares and contrasts the aims and topics of natural philosophy had versus physics?",
                            }
                          }
                        />
                        <div
                          className="answers-table"
                        >
                          <div
                            className="openstax-answer"
                          >
                            <section
                              className="answers-answer disabled"
                              role="region"
                            >
                              <div
                                className="correct-incorrect"
                              />
                              <label
                                className="answer-label"
                                htmlFor="50-option-0"
                                onKeyPress={[Function]}
                              >
                                <button
                                  aria-label="Choice a:"
                                  className="answer-letter"
                                  disabled={true}
                                >
                                  a
                                </button>
                                <div
                                  className="answer-answer"
                                >
                                  <div
                                    dangerouslySetInnerHTML={
                                      Object {
                                        "__html": "Natural philosophy included all aspects of nature excluding physics.",
                                      }
                                    }
                                  />
                                </div>
                              </label>
                            </section>
                          </div>
                          <div
                            className="openstax-answer"
                          >
                            <section
                              className="answers-answer disabled"
                              role="region"
                            >
                              <div
                                className="correct-incorrect"
                              />
                              <label
                                className="answer-label"
                                htmlFor="50-option-1"
                                onKeyPress={[Function]}
                              >
                                <button
                                  aria-label="Choice b:"
                                  className="answer-letter"
                                  disabled={true}
                                >
                                  b
                                </button>
                                <div
                                  className="answer-answer"
                                >
                                  <div
                                    dangerouslySetInnerHTML={
                                      Object {
                                        "__html": "Natural philosophy included all aspects of nature including physics.",
                                      }
                                    }
                                  />
                                </div>
                              </label>
                            </section>
                          </div>
                          <div
                            className="openstax-answer"
                          >
                            <section
                              className="answers-answer disabled"
                              role="region"
                            >
                              <div
                                className="correct-incorrect"
                              />
                              <label
                                className="answer-label"
                                htmlFor="50-option-2"
                                onKeyPress={[Function]}
                              >
                                <button
                                  aria-label="Choice c:"
                                  className="answer-letter"
                                  disabled={true}
                                >
                                  c
                                </button>
                                <div
                                  className="answer-answer"
                                >
                                  <div
                                    dangerouslySetInnerHTML={
                                      Object {
                                        "__html": "Natural philosophy and physics are essentially the same thing.",
                                      }
                                    }
                                  />
                                </div>
                              </label>
                            </section>
                          </div>
                          <div
                            className="openstax-answer"
                          >
                            <section
                              className="answers-answer disabled"
                              role="region"
                            >
                              <div
                                className="correct-incorrect"
                              />
                              <label
                                className="answer-label"
                                htmlFor="50-option-3"
                                onKeyPress={[Function]}
                              >
                                <button
                                  aria-label="Choice d:"
                                  className="answer-letter"
                                  disabled={true}
                                >
                                  d
                                </button>
                                <div
                                  className="answer-answer"
                                >
                                  <div
                                    dangerouslySetInnerHTML={
                                      Object {
                                        "__html": "Natural philosophy and physics are different.",
                                      }
                                    }
                                  />
                                </div>
                              </label>
                            </section>
                          </div>
                          <div
                            className="openstax-answer"
                          >
                            <section
                              className="answers-answer disabled"
                              role="region"
                            >
                              <div
                                className="correct-incorrect"
                              />
                              <label
                                className="answer-label"
                                htmlFor="50-option-4"
                                onKeyPress={[Function]}
                              >
                                <button
                                  aria-label="Choice e:"
                                  className="answer-letter"
                                  disabled={true}
                                >
                                  e
                                </button>
                                <div
                                  className="answer-answer"
                                >
                                  <div
                                    dangerouslySetInnerHTML={
                                      Object {
                                        "__html": "Natural philosophy included all aspects of nature excluding physics.",
                                      }
                                    }
                                  />
                                </div>
                              </label>
                            </section>
                          </div>
                        </div>
                        <div
                          className="detailed-solution"
                        >
                          <div
                            className="header"
                          >
                            Detailed solution
                          </div>
                          <div
                            dangerouslySetInnerHTML={
                              Object {
                                "__html": "four",
                              }
                            }
                          />
                        </div>
                      </div>
                    </div>
                    <div
                      className="exercise-tags"
                    >
                      <span
                        className="exercise-tag"
                      >
                        lo:stax-phys:1-2-1
                      </span>
                      <span
                        className="exercise-tag"
                      >
                        blooms:3
                      </span>
                      <span
                        className="exercise-tag"
                      >
                        dok:3
                      </span>
                      <span
                        className="exercise-tag"
                      >
                        time:long
                      </span>
                      <span
                        className="exercise-tag"
                      >
                        ID:50@1
                      </span>
                    </div>
                  </div>
                </div>
              </div>
              <div
                className="tour-anchor"
                data-tour-anchor-id="exercise-preview"
              >
                <div
                  className="openstax-exercise-preview exercise-card has-actions non-interactive is-vertically-truncated has-interactive card"
                  data-exercise-id="51@1"
                  tabIndex={-1}
                >
                  <div
                    className="card-body"
                  >
                    <div
                      className="controls-overlay"
                      onClick={[Function]}
                    >
                      <div
                        className="message"
                      >
                        <div
                          className="action include"
                          onClick={[Function]}
                        >
                          <span>
                            Add question
                          </span>
                        </div>
                        <div
                          className="action details"
                          onClick={[Function]}
                        >
                          <span>
                            Question details
                          </span>
                        </div>
                      </div>
                    </div>
                    <div
                      className="exercise-body"
                    >
                      <div
                        className="openstax-exercise-badges"
                      >
                        <span
                          className="interactive"
                        >
                          <svg
                            className="icon interactive"
                            version="1.1"
                            viewBox="0 0 53.23 53.21"
                            xmlns="http://www.w3.org/2000/svg"
                          >
                            <g
                              data-name="Layer 2"
                              id="Layer_2"
                            >
                              <g
                                data-name="Layer 1"
                                id="Layer_1-2"
                              >
                                <path
                                  d="M48.86,0H11.37A4.34,4.34,0,0,0,7,4.35V41.6A4.34,4.34,0,0,0,11.37,46H48.86a4.34,4.34,0,0,0,4.35-4.35V4.35A4.19,4.19,0,0,0,48.86,0Zm1,40.88a1.65,1.65,0,0,1-1.69,1.69H11.85a1.65,1.65,0,0,1-1.69-1.69V5.32a1.65,1.65,0,0,1,1.69-1.69H48.14a1.65,1.65,0,0,1,1.69,1.69Z"
                                  style={
                                    Object {
                                      "fill": "#222e65",
                                    }
                                  }
                                />
                                <path
                                  d="M48.14,3.63H11.85a1.65,1.65,0,0,0-1.69,1.69V40.88a1.65,1.65,0,0,0,1.69,1.69H48.14a1.65,1.65,0,0,0,1.69-1.69V5.32A1.65,1.65,0,0,0,48.14,3.63ZM23.46,35.32V10.88L41.12,23.22Z"
                                  style={
                                    Object {
                                      "fill": "none",
                                    }
                                  }
                                />
                                <path
                                  d="M3.39,47.65V18.78a1.61,1.61,0,0,0-1.61-1.61H1.61A1.61,1.61,0,0,0,0,18.78V48.86a4.35,4.35,0,0,0,4.35,4.35H33.47a1.61,1.61,0,0,0,1.61-1.61v-.41a1.61,1.61,0,0,0-1.61-1.61H5.32A1.94,1.94,0,0,1,3.39,47.65Z"
                                  style={
                                    Object {
                                      "fill": "#222e65",
                                    }
                                  }
                                />
                                <path
                                  d="M26,33.59,39.2,24.53a1.61,1.61,0,0,0,0-2.64L26,12.65A1.61,1.61,0,0,0,23.46,14v18.3A1.61,1.61,0,0,0,26,33.59Z"
                                  style={
                                    Object {
                                      "fill": "#15c0dc",
                                    }
                                  }
                                />
                              </g>
                            </g>
                          </svg>
                          <span>
                            Interactive
                          </span>
                        </span>
                      </div>
                      <div
                        className="openstax-question openstax-question-preview"
                      >
                        <div
                          dangerouslySetInnerHTML={
                            Object {
                              "__html": "What conditions imply that we can use classical physics without considering special relativity or quantum mechanics?",
                            }
                          }
                        />
                        <div
                          className="answers-table"
                        >
                          <div
                            className="openstax-answer"
                          >
                            <section
                              className="answers-answer disabled"
                              role="region"
                            >
                              <div
                                className="correct-incorrect"
                              />
                              <label
                                className="answer-label"
                                htmlFor="51-option-0"
                                onKeyPress={[Function]}
                              >
                                <button
                                  aria-label="Choice a:"
                                  className="answer-letter"
                                  disabled={true}
                                >
                                  a
                                </button>
                                <div
                                  className="answer-answer"
                                >
                                  <div
                                    dangerouslySetInnerHTML={
                                      Object {
                                        "__html": "<ol>
  <li>matter is moving at speeds of less than roughly 1% the speed of light,</li>
  <li>objects are large enough to be seen with the naked eye, and</li>
  <li>there is the involvement of a strong gravitational field</li>
</ol>
",
                                      }
                                    }
                                  />
                                </div>
                              </label>
                            </section>
                          </div>
                          <div
                            className="openstax-answer"
                          >
                            <section
                              className="answers-answer disabled"
                              role="region"
                            >
                              <div
                                className="correct-incorrect"
                              />
                              <label
                                className="answer-label"
                                htmlFor="51-option-1"
                                onKeyPress={[Function]}
                              >
                                <button
                                  aria-label="Choice b:"
                                  className="answer-letter"
                                  disabled={true}
                                >
                                  b
                                </button>
                                <div
                                  className="answer-answer"
                                >
                                  <div
                                    dangerouslySetInnerHTML={
                                      Object {
                                        "__html": "<ol>
  <li>matter is moving at speeds of less than roughly 1% the speed of light,</li>
  <li>objects are large enough to be seen with the naked eye, and</li>
  <li>there is the involvement of a weak gravitational field</li>
</ol>
",
                                      }
                                    }
                                  />
                                </div>
                              </label>
                            </section>
                          </div>
                          <div
                            className="openstax-answer"
                          >
                            <section
                              className="answers-answer disabled"
                              role="region"
                            >
                              <div
                                className="correct-incorrect"
                              />
                              <label
                                className="answer-label"
                                htmlFor="51-option-2"
                                onKeyPress={[Function]}
                              >
                                <button
                                  aria-label="Choice c:"
                                  className="answer-letter"
                                  disabled={true}
                                >
                                  c
                                </button>
                                <div
                                  className="answer-answer"
                                >
                                  <div
                                    dangerouslySetInnerHTML={
                                      Object {
                                        "__html": "<ol>
  <li>matter is moving at speeds of less than roughly 1% the speed of light,</li>
  <li>objects are too small to be seen with the naked eye, and</li>
  <li>there is the involvement of only a weak gravitational field</li>
</ol>
",
                                      }
                                    }
                                  />
                                </div>
                              </label>
                            </section>
                          </div>
                          <div
                            className="openstax-answer"
                          >
                            <section
                              className="answers-answer disabled"
                              role="region"
                            >
                              <div
                                className="correct-incorrect"
                              />
                              <label
                                className="answer-label"
                                htmlFor="51-option-3"
                                onKeyPress={[Function]}
                              >
                                <button
                                  aria-label="Choice d:"
                                  className="answer-letter"
                                  disabled={true}
                                >
                                  d
                                </button>
                                <div
                                  className="answer-answer"
                                >
                                  <div
                                    dangerouslySetInnerHTML={
                                      Object {
                                        "__html": "<ol>
  <li>matter is moving at speeds greater than roughly 1% the speed of light,</li>
  <li>objects are large enough to be seen with the naked eye, and</li>
  <li>there is the involvement of a strong gravitational field</li>
</ol>
",
                                      }
                                    }
                                  />
                                </div>
                              </label>
                            </section>
                          </div>
                          <div
                            className="openstax-answer"
                          >
                            <section
                              className="answers-answer disabled"
                              role="region"
                            >
                              <div
                                className="correct-incorrect"
                              />
                              <label
                                className="answer-label"
                                htmlFor="51-option-4"
                                onKeyPress={[Function]}
                              >
                                <button
                                  aria-label="Choice e:"
                                  className="answer-letter"
                                  disabled={true}
                                >
                                  e
                                </button>
                                <div
                                  className="answer-answer"
                                >
                                  <div
                                    dangerouslySetInnerHTML={
                                      Object {
                                        "__html": "<ol>
  <li>matter is moving at speeds of less than roughly 1% the speed of light,</li>
  <li>objects are large enough to be seen with the naked eye, and</li>
  <li>there is the involvement of a strong gravitational field</li>
</ol>
",
                                      }
                                    }
                                  />
                                </div>
                              </label>
                            </section>
                          </div>
                        </div>
                        <div
                          className="detailed-solution"
                        >
                          <div
                            className="header"
                          >
                            Detailed solution
                          </div>
                          <div
                            dangerouslySetInnerHTML={
                              Object {
                                "__html": "four",
                              }
                            }
                          />
                        </div>
                      </div>
                    </div>
                    <div
                      className="exercise-tags"
                    >
                      <span
                        className="exercise-tag"
                      >
                        lo:stax-phys:1-2-1
                      </span>
                      <span
                        className="exercise-tag"
                      >
                        blooms:3
                      </span>
                      <span
                        className="exercise-tag"
                      >
                        dok:3
                      </span>
                      <span
                        className="exercise-tag"
                      >
                        time:long
                      </span>
                      <span
                        className="exercise-tag"
                      >
                        ID:51@1
                      </span>
                    </div>
                  </div>
                </div>
              </div>
            </div>
          </div>
          <div
            className="exercise-sections"
            data-section="2.3"
          >
            <label
              className="c0"
            >
              <span
                className="chapter-section c1"
                data-chapter-section="2.3"
              >
                2.3
              </span>
               
              <div
                className="c2"
                dangerouslySetInnerHTML={
                  Object {
                    "__html": "Mechanics in 3 dim",
                  }
                }
              />
            </label>
            <div
              className="exercises"
            >
              <div
                className="tour-anchor"
                data-tour-anchor-id="exercise-preview"
              >
                <div
                  className="openstax-exercise-preview exercise-card has-actions non-interactive is-vertically-truncated has-interactive card"
                  data-exercise-id="54@1"
                  tabIndex={-1}
                >
                  <div
                    className="card-body"
                  >
                    <div
                      className="controls-overlay"
                      onClick={[Function]}
                    >
                      <div
                        className="message"
                      >
                        <div
                          className="action include"
                          onClick={[Function]}
                        >
                          <span>
                            Add question
                          </span>
                        </div>
                        <div
                          className="action details"
                          onClick={[Function]}
                        >
                          <span>
                            Question details
                          </span>
                        </div>
                      </div>
                    </div>
                    <div
                      className="exercise-body"
                    >
                      <div
                        className="openstax-exercise-badges"
                      >
                        <span
                          className="video"
                        >
                          <svg
                            className="icon interactive"
                            version="1.1"
                            viewBox="0 0 53.23 53.21"
                            xmlns="http://www.w3.org/2000/svg"
                          >
                            <g
                              data-name="Layer 2"
                              id="Layer_2"
                            >
                              <g
                                data-name="Layer 1"
                                id="Layer_1-2"
                              >
                                <path
                                  d="M48.86,0H11.37A4.34,4.34,0,0,0,7,4.35V41.6A4.34,4.34,0,0,0,11.37,46H48.86a4.34,4.34,0,0,0,4.35-4.35V4.35A4.19,4.19,0,0,0,48.86,0Zm1,40.88a1.65,1.65,0,0,1-1.69,1.69H11.85a1.65,1.65,0,0,1-1.69-1.69V5.32a1.65,1.65,0,0,1,1.69-1.69H48.14a1.65,1.65,0,0,1,1.69,1.69Z"
                                  style={
                                    Object {
                                      "fill": "#222e65",
                                    }
                                  }
                                />
                                <path
                                  d="M48.14,3.63H11.85a1.65,1.65,0,0,0-1.69,1.69V40.88a1.65,1.65,0,0,0,1.69,1.69H48.14a1.65,1.65,0,0,0,1.69-1.69V5.32A1.65,1.65,0,0,0,48.14,3.63ZM23.46,35.32V10.88L41.12,23.22Z"
                                  style={
                                    Object {
                                      "fill": "none",
                                    }
                                  }
                                />
                                <path
                                  d="M3.39,47.65V18.78a1.61,1.61,0,0,0-1.61-1.61H1.61A1.61,1.61,0,0,0,0,18.78V48.86a4.35,4.35,0,0,0,4.35,4.35H33.47a1.61,1.61,0,0,0,1.61-1.61v-.41a1.61,1.61,0,0,0-1.61-1.61H5.32A1.94,1.94,0,0,1,3.39,47.65Z"
                                  style={
                                    Object {
                                      "fill": "#222e65",
                                    }
                                  }
                                />
                                <path
                                  d="M26,33.59,39.2,24.53a1.61,1.61,0,0,0,0-2.64L26,12.65A1.61,1.61,0,0,0,23.46,14v18.3A1.61,1.61,0,0,0,26,33.59Z"
                                  style={
                                    Object {
                                      "fill": "#15c0dc",
                                    }
                                  }
                                />
                              </g>
                            </g>
                          </svg>
                          <span>
                            Video
                          </span>
                        </span>
                        <span
                          className="interactive"
                        >
                          <svg
                            className="icon interactive"
                            version="1.1"
                            viewBox="0 0 53.23 53.21"
                            xmlns="http://www.w3.org/2000/svg"
                          >
                            <g
                              data-name="Layer 2"
                              id="Layer_2"
                            >
                              <g
                                data-name="Layer 1"
                                id="Layer_1-2"
                              >
                                <path
                                  d="M48.86,0H11.37A4.34,4.34,0,0,0,7,4.35V41.6A4.34,4.34,0,0,0,11.37,46H48.86a4.34,4.34,0,0,0,4.35-4.35V4.35A4.19,4.19,0,0,0,48.86,0Zm1,40.88a1.65,1.65,0,0,1-1.69,1.69H11.85a1.65,1.65,0,0,1-1.69-1.69V5.32a1.65,1.65,0,0,1,1.69-1.69H48.14a1.65,1.65,0,0,1,1.69,1.69Z"
                                  style={
                                    Object {
                                      "fill": "#222e65",
                                    }
                                  }
                                />
                                <path
                                  d="M48.14,3.63H11.85a1.65,1.65,0,0,0-1.69,1.69V40.88a1.65,1.65,0,0,0,1.69,1.69H48.14a1.65,1.65,0,0,0,1.69-1.69V5.32A1.65,1.65,0,0,0,48.14,3.63ZM23.46,35.32V10.88L41.12,23.22Z"
                                  style={
                                    Object {
                                      "fill": "none",
                                    }
                                  }
                                />
                                <path
                                  d="M3.39,47.65V18.78a1.61,1.61,0,0,0-1.61-1.61H1.61A1.61,1.61,0,0,0,0,18.78V48.86a4.35,4.35,0,0,0,4.35,4.35H33.47a1.61,1.61,0,0,0,1.61-1.61v-.41a1.61,1.61,0,0,0-1.61-1.61H5.32A1.94,1.94,0,0,1,3.39,47.65Z"
                                  style={
                                    Object {
                                      "fill": "#222e65",
                                    }
                                  }
                                />
                                <path
                                  d="M26,33.59,39.2,24.53a1.61,1.61,0,0,0,0-2.64L26,12.65A1.61,1.61,0,0,0,23.46,14v18.3A1.61,1.61,0,0,0,26,33.59Z"
                                  style={
                                    Object {
                                      "fill": "#15c0dc",
                                    }
                                  }
                                />
                              </g>
                            </g>
                          </svg>
                          <span>
                            Interactive
                          </span>
                        </span>
                      </div>
                      <div
                        className="openstax-question openstax-question-preview"
                      >
                        <div
                          dangerouslySetInnerHTML={
                            Object {
                              "__html": "Can classical physics be used to accurately describe a satellite moving at a speed of? Explain why or why not.",
                            }
                          }
                        />
                        <div
                          className="answers-table"
                        >
                          <div
                            className="openstax-answer"
                          >
                            <section
                              className="answers-answer disabled"
                              role="region"
                            >
                              <div
                                className="correct-incorrect"
                              />
                              <label
                                className="answer-label"
                                htmlFor="54-option-0"
                                onKeyPress={[Function]}
                              >
                                <button
                                  aria-label="Choice a:"
                                  className="answer-letter"
                                  disabled={true}
                                >
                                  a
                                </button>
                                <div
                                  className="answer-answer"
                                >
                                  <div
                                    dangerouslySetInnerHTML={
                                      Object {
                                        "__html": "No, because the satellite is moving at a speed much smaller than the speed of the light and is in a strong gravitational field.",
                                      }
                                    }
                                  />
                                </div>
                              </label>
                            </section>
                          </div>
                          <div
                            className="openstax-answer"
                          >
                            <section
                              className="answers-answer disabled"
                              role="region"
                            >
                              <div
                                className="correct-incorrect"
                              />
                              <label
                                className="answer-label"
                                htmlFor="54-option-1"
                                onKeyPress={[Function]}
                              >
                                <button
                                  aria-label="Choice b:"
                                  className="answer-letter"
                                  disabled={true}
                                >
                                  b
                                </button>
                                <div
                                  className="answer-answer"
                                >
                                  <div
                                    dangerouslySetInnerHTML={
                                      Object {
                                        "__html": "No, because the satellite is moving at a speed much smaller than the speed of the light and is not in a strong gravitational field.",
                                      }
                                    }
                                  />
                                </div>
                              </label>
                            </section>
                          </div>
                          <div
                            className="openstax-answer"
                          >
                            <section
                              className="answers-answer disabled"
                              role="region"
                            >
                              <div
                                className="correct-incorrect"
                              />
                              <label
                                className="answer-label"
                                htmlFor="54-option-2"
                                onKeyPress={[Function]}
                              >
                                <button
                                  aria-label="Choice c:"
                                  className="answer-letter"
                                  disabled={true}
                                >
                                  c
                                </button>
                                <div
                                  className="answer-answer"
                                >
                                  <div
                                    dangerouslySetInnerHTML={
                                      Object {
                                        "__html": "Yes, because the satellite is moving at a speed much smaller than the speed of the light and is in a strong gravitational field.",
                                      }
                                    }
                                  />
                                </div>
                              </label>
                            </section>
                          </div>
                          <div
                            className="openstax-answer"
                          >
                            <section
                              className="answers-answer disabled"
                              role="region"
                            >
                              <div
                                className="correct-incorrect"
                              />
                              <label
                                className="answer-label"
                                htmlFor="54-option-3"
                                onKeyPress={[Function]}
                              >
                                <button
                                  aria-label="Choice d:"
                                  className="answer-letter"
                                  disabled={true}
                                >
                                  d
                                </button>
                                <div
                                  className="answer-answer"
                                >
                                  <div
                                    dangerouslySetInnerHTML={
                                      Object {
                                        "__html": "Yes, because the satellite is moving at a speed much smaller than the speed of the light and it is not in a strong gravitational field.",
                                      }
                                    }
                                  />
                                </div>
                              </label>
                            </section>
                          </div>
                          <div
                            className="openstax-answer"
                          >
                            <section
                              className="answers-answer disabled"
                              role="region"
                            >
                              <div
                                className="correct-incorrect"
                              />
                              <label
                                className="answer-label"
                                htmlFor="54-option-4"
                                onKeyPress={[Function]}
                              >
                                <button
                                  aria-label="Choice e:"
                                  className="answer-letter"
                                  disabled={true}
                                >
                                  e
                                </button>
                                <div
                                  className="answer-answer"
                                >
                                  <div
                                    dangerouslySetInnerHTML={
                                      Object {
                                        "__html": "No, because the satellite is moving at a speed much smaller than the speed of the light and is in a strong gravitational field.",
                                      }
                                    }
                                  />
                                </div>
                              </label>
                            </section>
                          </div>
                        </div>
                        <div
                          className="detailed-solution"
                        >
                          <div
                            className="header"
                          >
                            Detailed solution
                          </div>
                          <div
                            dangerouslySetInnerHTML={
                              Object {
                                "__html": "four",
                              }
                            }
                          />
                        </div>
                      </div>
                    </div>
                    <div
                      className="exercise-tags"
                    >
                      <span
                        className="exercise-tag"
                      >
                        lo:stax-phys:1-2-1
                      </span>
                      <span
                        className="exercise-tag"
                      >
                        blooms:3
                      </span>
                      <span
                        className="exercise-tag"
                      >
                        dok:3
                      </span>
                      <span
                        className="exercise-tag"
                      >
                        time:long
                      </span>
                      <span
                        className="exercise-tag"
                      >
                        ID:54@1
                      </span>
                    </div>
                  </div>
                </div>
              </div>
              <div
                className="tour-anchor"
                data-tour-anchor-id="exercise-preview"
              >
                <div
                  className="openstax-exercise-preview exercise-card has-actions non-interactive is-vertically-truncated card"
                  data-exercise-id="56@1"
                  tabIndex={-1}
                >
                  <div
                    className="card-body"
                  >
                    <div
                      className="controls-overlay"
                      onClick={[Function]}
                    >
                      <div
                        className="message"
                      >
                        <div
                          className="action include"
                          onClick={[Function]}
                        >
                          <span>
                            Add question
                          </span>
                        </div>
                        <div
                          className="action details"
                          onClick={[Function]}
                        >
                          <span>
                            Question details
                          </span>
                        </div>
                      </div>
                    </div>
                    <div
                      className="exercise-body"
                    >
                      <div
                        className="openstax-question openstax-question-preview"
                      >
                        <div
                          dangerouslySetInnerHTML={
                            Object {
                              "__html": "What conditions imply that we can use classical physics without considering special relativity or quantum mechanics?",
                            }
                          }
                        />
                        <div
                          className="answers-table"
                        >
                          <div
                            className="openstax-answer"
                          >
                            <section
                              className="answers-answer disabled"
                              role="region"
                            >
                              <div
                                className="correct-incorrect"
                              />
                              <label
                                className="answer-label"
                                htmlFor="56-option-0"
                                onKeyPress={[Function]}
                              >
                                <button
                                  aria-label="Choice a:"
                                  className="answer-letter"
                                  disabled={true}
                                >
                                  a
                                </button>
                                <div
                                  className="answer-answer"
                                >
                                  <div
                                    dangerouslySetInnerHTML={
                                      Object {
                                        "__html": "<ol>
  <li>matter is moving at speeds of less than roughly 1% the speed of light,</li>
  <li>objects are large enough to be seen with the naked eye, and</li>
  <li>there is the involvement of a weak gravitational field</li>
</ol>
",
                                      }
                                    }
                                  />
                                </div>
                              </label>
                            </section>
                          </div>
                          <div
                            className="openstax-answer"
                          >
                            <section
                              className="answers-answer disabled"
                              role="region"
                            >
                              <div
                                className="correct-incorrect"
                              />
                              <label
                                className="answer-label"
                                htmlFor="56-option-1"
                                onKeyPress={[Function]}
                              >
                                <button
                                  aria-label="Choice b:"
                                  className="answer-letter"
                                  disabled={true}
                                >
                                  b
                                </button>
                                <div
                                  className="answer-answer"
                                >
                                  <div
                                    dangerouslySetInnerHTML={
                                      Object {
                                        "__html": "<ol>
  <li>matter is moving at speeds of less than roughly 1% the speed of light,</li>
  <li>objects are too small to be seen with the naked eye, and</li>
  <li>there is the involvement of only a weak gravitational field</li>
</ol>
",
                                      }
                                    }
                                  />
                                </div>
                              </label>
                            </section>
                          </div>
                          <div
                            className="openstax-answer"
                          >
                            <section
                              className="answers-answer disabled"
                              role="region"
                            >
                              <div
                                className="correct-incorrect"
                              />
                              <label
                                className="answer-label"
                                htmlFor="56-option-2"
                                onKeyPress={[Function]}
                              >
                                <button
                                  aria-label="Choice c:"
                                  className="answer-letter"
                                  disabled={true}
                                >
                                  c
                                </button>
                                <div
                                  className="answer-answer"
                                >
                                  <div
                                    dangerouslySetInnerHTML={
                                      Object {
                                        "__html": "<ol>
  <li>matter is moving at speeds greater than roughly 1% the speed of light,</li>
  <li>objects are large enough to be seen with the naked eye, and</li>
  <li>there is the involvement of a strong gravitational field</li>
</ol>
",
                                      }
                                    }
                                  />
                                </div>
                              </label>
                            </section>
                          </div>
                          <div
                            className="openstax-answer"
                          >
                            <section
                              className="answers-answer disabled"
                              role="region"
                            >
                              <div
                                className="correct-incorrect"
                              />
                              <label
                                className="answer-label"
                                htmlFor="56-option-3"
                                onKeyPress={[Function]}
                              >
                                <button
                                  aria-label="Choice d:"
                                  className="answer-letter"
                                  disabled={true}
                                >
                                  d
                                </button>
                                <div
                                  className="answer-answer"
                                >
                                  <div
                                    dangerouslySetInnerHTML={
                                      Object {
                                        "__html": "<ol>
  <li>matter is moving at speeds of less than roughly 1% the speed of light,</li>
  <li>objects are large enough to be seen with the naked eye, and</li>
  <li>there is the involvement of a strong gravitational field</li>
</ol>
",
                                      }
                                    }
                                  />
                                </div>
                              </label>
                            </section>
                          </div>
                          <div
                            className="openstax-answer"
                          >
                            <section
                              className="answers-answer disabled"
                              role="region"
                            >
                              <div
                                className="correct-incorrect"
                              />
                              <label
                                className="answer-label"
                                htmlFor="56-option-4"
                                onKeyPress={[Function]}
                              >
                                <button
                                  aria-label="Choice e:"
                                  className="answer-letter"
                                  disabled={true}
                                >
                                  e
                                </button>
                                <div
                                  className="answer-answer"
                                >
                                  <div
                                    dangerouslySetInnerHTML={
                                      Object {
                                        "__html": "<ol>
  <li>matter is moving at speeds of less than roughly 1% the speed of light,</li>
  <li>objects are large enough to be seen with the naked eye, and</li>
  <li>there is the involvement of a weak gravitational field</li>
</ol>
",
                                      }
                                    }
                                  />
                                </div>
                              </label>
                            </section>
                          </div>
                        </div>
                        <div
                          className="detailed-solution"
                        >
                          <div
                            className="header"
                          >
                            Detailed solution
                          </div>
                          <div
                            dangerouslySetInnerHTML={
                              Object {
                                "__html": "four",
                              }
                            }
                          />
                        </div>
                      </div>
                    </div>
                    <div
                      className="exercise-tags"
                    >
                      <span
                        className="exercise-tag"
                      >
                        lo:stax-phys:1-2-1
                      </span>
                      <span
                        className="exercise-tag"
                      >
                        blooms:3
                      </span>
                      <span
                        className="exercise-tag"
                      >
                        dok:3
                      </span>
                      <span
                        className="exercise-tag"
                      >
                        time:long
                      </span>
                      <span
                        className="exercise-tag"
                      >
                        ID:56@1
                      </span>
                    </div>
                  </div>
                </div>
              </div>
            </div>
          </div>
        </div>
      </div>
    </div>
    <div
      className="visible-when-debugging"
    >
      <div
        className="tour-spy-info"
      >
        available regions: []; region tour ids: []; audience tags: []; tour tags: []; eligible tours: []; TOUR RIDE: &lt;none&gt;
      </div>
    </div>
  </div>
  <a
    aria-hidden="true"
    className="debug-toggle-link"
    href="#spy"
    onClick={[Function]}
    tabIndex={-1}
  >
    π
  </a>
</div>
`;
