// Jest Snapshot v1, https://goo.gl/fbAQLP

exports[`Student Scores Overall Cell renders and matches snapshot 1`] = `
<div
  className="fixedDataTableCellLayout_wrap1 public_fixedDataTableCell_wrap1 overall-cell is-expanded"
  style={
    Object {
      "height": undefined,
      "width": undefined,
    }
  }
>
  <div
    className="fixedDataTableCellLayout_wrap2 public_fixedDataTableCell_wrap2"
  >
    <div
      className="fixedDataTableCellLayout_wrap3 public_fixedDataTableCell_wrap3"
    >
      <div
        className="public_fixedDataTableCell_cellContent"
      >
        <div
          className="course"
        >
          5%
        </div>
        <div
          className="homework"
        >
          <div
            className="score"
          >
            23%
          </div>
          <div
            className="completed"
          >
            98%
          </div>
        </div>
        <div
          className="reading"
        >
          <div
            className="score"
          >
            42%
          </div>
          <div
            className="completed"
          >
            9%
          </div>
        </div>
      </div>
    </div>
  </div>
</div>
`;
