// Jest Snapshot v1, https://goo.gl/fbAQLP

exports[`CreateCourse: entering details matches snapshot 1`] = `
.c1 {
  margin-right: 0.5rem;
  margin-left: 0.5rem;
}

.c0 {
  display: -webkit-box;
  display: -webkit-flex;
  display: -ms-flexbox;
  display: flex;
  color: #eba927;
  margin-bottom: 0.5rem;
}

.c2 {
  font-weight: bold;
  margin-right: 0.5rem;
}

<div
  className="openstax-debug-content"
>
  <div
    data-purpose="tour-conductor-wrapper"
  >
    <div>
      <form
        className=""
      >
        <div>
          <div
            className="c0"
          >
            <svg
              aria-hidden="true"
              className="svg-inline--fa fa-thumbs-up fa-w-16 c1 ox-icon ox-icon-thumbs-up"
              data-icon="thumbs-up"
              data-prefix="fas"
              focusable="false"
              role="img"
              style={Object {}}
              viewBox="0 0 512 512"
              xmlns="http://www.w3.org/2000/svg"
            >
              <path
                d="M104 224H24c-13.255 0-24 10.745-24 24v240c0 13.255 10.745 24 24 24h80c13.255 0 24-10.745 24-24V248c0-13.255-10.745-24-24-24zM64 472c-13.255 0-24-10.745-24-24s10.745-24 24-24 24 10.745 24 24-10.745 24-24 24zM384 81.452c0 42.416-25.97 66.208-33.277 94.548h101.723c33.397 0 59.397 27.746 59.553 58.098.084 17.938-7.546 37.249-19.439 49.197l-.11.11c9.836 23.337 8.237 56.037-9.308 79.469 8.681 25.895-.069 57.704-16.382 74.757 4.298 17.598 2.244 32.575-6.148 44.632C440.202 511.587 389.616 512 346.839 512l-2.845-.001c-48.287-.017-87.806-17.598-119.56-31.725-15.957-7.099-36.821-15.887-52.651-16.178-6.54-.12-11.783-5.457-11.783-11.998v-213.77c0-3.2 1.282-6.271 3.558-8.521 39.614-39.144 56.648-80.587 89.117-113.111 14.804-14.832 20.188-37.236 25.393-58.902C282.515 39.293 291.817 0 312 0c24 0 72 8 72 81.452z"
                fill="currentColor"
                style={Object {}}
              />
            </svg>
            <span
              className="c2"
            >
              BEST
            </span>
             PRACTICE
          </div>
          <p>
            If you teach multiple sections of the same course, include all sections below. You can add or remove sections later.
          </p>
        </div>
        <div
          className="course-details-sections form-group"
        >
          <label
            className="form-label"
            htmlFor="number-sections"
          >
            <div
              className="input-group"
            >
              <div
                className="input-group-prepend"
              >
                Number of sections in this course
              </div>
              <input
                className="form-control"
                defaultValue={1}
                id="number-sections"
                min="1"
                onChange={[Function]}
                onKeyPress={[Function]}
                type="number"
              />
            </div>
          </label>
        </div>
        <div
          className="course-details-numbers form-group"
        >
          <label
            className="form-label"
            htmlFor="number-students"
          >
            <div
              className="input-group"
            >
              <div
                className="input-group-prepend"
              >
                Estimated number of students in this course.
              </div>
              <input
                className="form-control"
                defaultValue=""
                id="number-students"
                min="1"
                onChange={[Function]}
                onKeyPress={[Function]}
                type="number"
              />
            </div>
          </label>
        </div>
      </form>
    </div>
    <div
      className="visible-when-debugging"
    >
      <div
        className="tour-spy-info"
      >
        available regions: []; region tour ids: []; audience tags: [undefined]; tour tags: []; eligible tours: []; TOUR RIDE: &lt;none&gt;
      </div>
    </div>
  </div>
  <a
    aria-hidden="true"
    className="debug-toggle-link"
    href="#spy"
    onClick={[Function]}
    tabIndex={-1}
  >
    π
  </a>
</div>
`;
