// Jest Snapshot v1, https://goo.gl/fbAQLP

exports[`Grading Templates creates a store with models 1`] = `
Object {
  "auto_grading_feedback_on": false,
  "completion_weight": 0.8300000000000001,
  "correctness_weight": 0.05,
  "default_close_date_offset_days": 1,
  "default_due_date_offset_days": 1,
  "default_due_time": "17:00",
  "default_open_time": "07:00",
  "deleted_at": undefined,
  "has_open_task_plans": undefined,
  "id": 1,
  "late_work_penalty": 0.1,
  "late_work_penalty_applied": "immediately",
  "manual_grading_feedback_on": "publish",
  "name": "Default Reading",
  "task_plan_type": "reading",
}
`;
