// Jest Snapshot v1, https://goo.gl/fbAQLP

exports[`Reload Button reloads when clicked 1`] = `
"<ReloadPageButton windowImpl={{...}}>
  <AsyncButton className=\\"reload-page\\" isWaiting={false} variant=\\"primary\\" size=\\"small\\" waitingText=\\"Reloading…\\" onClick={[Function: res]} isDone={false} isFailed={false} failedState={[Function: RefreshButton]} failedProps={{...}} doneText=\\"\\" isJob={false}>
    <Button size=\\"small\\" variant=\\"primary\\" onClick={[Function: res]} className={{...}} active={false} disabled={false} type=\\"button\\">
      <button onClick={[Function: res]} disabled={false} type=\\"button\\" className=\\"async-button reload-page btn btn-primary btn-small\\">
        Reload Page
      </button>
    </Button>
  </AsyncButton>
</ReloadPageButton>"
`;
