// Jest Snapshot v1, https://goo.gl/fbAQLP

exports[`TaskEvent renders and matches snapshot 1`] = `
.c0 {
  max-width: 1000px;
  margin: 100px auto;
  border: 1px solid rgba(0,0,0,0.125);
  border-radius: 0.25rem;
  padding: 1rem 2rem;
}

.c0 .btn {
  margin-top: 40px;
}

<div
  className="c0"
>
  <h2>
    Test
  </h2>
  <h3
    className="lead"
  >
    A long description is shown
  </h3>
  <a
    className="btn btn-default"
    href="/course/1"
    onClick={[Function]}
  >
    Back to dashboard
  </a>
</div>
`;
