// Jest Snapshot v1, https://goo.gl/fbAQLP

exports[`Lo tags component renders and matches snapshot 1`] = `
.c0 {
  margin-right: 0.5rem;
  margin-left: 0.5rem;
}

<div
  className="tag-type"
>
  <div
    className="heading"
  >
    <span
      className="label"
    >
      LO
    </span>
    <div
      className="controls"
    >
      <button
        className="ox-icon-plus-circle btn btn-plain"
        disabled={false}
        onClick={[Function]}
        type="button"
      >
        <svg
          aria-hidden="true"
          className="svg-inline--fa fa-plus-circle fa-w-16 c0 ox-icon ox-icon-plus-circle"
          data-icon="plus-circle"
          data-prefix="fas"
          focusable="false"
          role="img"
          style={Object {}}
          viewBox="0 0 512 512"
          xmlns="http://www.w3.org/2000/svg"
        >
          <path
            d="M256 8C119 8 8 119 8 256s111 248 248 248 248-111 248-248S393 8 256 8zm144 276c0 6.6-5.4 12-12 12h-92v92c0 6.6-5.4 12-12 12h-56c-6.6 0-12-5.4-12-12v-92h-92c-6.6 0-12-5.4-12-12v-56c0-6.6 5.4-12 12-12h92v-92c0-6.6 5.4-12 12-12h56c6.6 0 12 5.4 12 12v92h92c6.6 0 12 5.4 12 12v56z"
            fill="currentColor"
            style={Object {}}
          />
        </svg>
      </button>
    </div>
  </div>
</div>
`;
