// Jest Snapshot v1, https://goo.gl/fbAQLP

exports[`Stats Screen renders and matches snapshot 1`] = `
<ForwardRef
  path="/"
  withRef={false}
>
  <Stats
    stats={
      Stats {
        "data": Array [
          Object {
            "ends_at": "2019-10-23T07:00:00-05:00",
            "id": 1,
            "starts_at": "2019-10-16T07:00:00-05:00",
            "stats": Object {
              "active_courses": 42786,
              "active_populated_courses": 72445,
              "active_students": 84943,
              "exercise_steps": 63440,
              "highlights": 53155,
              "new_enrollments": 49208,
              "new_highlights": 29778,
              "notes": 8372,
              "reading_steps": 53182,
              "task_plans": 71233,
            },
          },
          Object {
            "ends_at": "2019-10-23T07:00:00-05:00",
            "id": 2,
            "starts_at": "2019-10-16T07:00:00-05:00",
            "stats": Object {
              "active_courses": 41720,
              "active_populated_courses": 22826,
              "active_students": 36178,
              "exercise_steps": 32295,
              "highlights": 61102,
              "new_enrollments": 37380,
              "new_highlights": 65472,
              "notes": 74029,
              "reading_steps": 72244,
              "task_plans": 35772,
            },
          },
          Object {
            "ends_at": "2019-10-23T07:00:00-05:00",
            "id": 3,
            "starts_at": "2019-10-16T07:00:00-05:00",
            "stats": Object {
              "active_courses": 76599,
              "active_populated_courses": 43086,
              "active_students": 43370,
              "exercise_steps": 9210,
              "highlights": 29371,
              "new_enrollments": 2798,
              "new_highlights": 77700,
              "notes": 23451,
              "reading_steps": 63097,
              "task_plans": 98799,
            },
          },
          Object {
            "ends_at": "2019-10-23T07:00:00-05:00",
            "id": 4,
            "starts_at": "2019-10-16T07:00:00-05:00",
            "stats": Object {
              "active_courses": 7708,
              "active_populated_courses": 89338,
              "active_students": 42635,
              "exercise_steps": 31226,
              "highlights": 49368,
              "new_enrollments": 75037,
              "new_highlights": 88986,
              "notes": 17390,
              "reading_steps": 42583,
              "task_plans": 15408,
            },
          },
          Object {
            "ends_at": "2019-10-23T07:00:00-05:00",
            "id": 5,
            "starts_at": "2019-10-16T07:00:00-05:00",
            "stats": Object {
              "active_courses": 46426,
              "active_populated_courses": 31728,
              "active_students": 11561,
              "exercise_steps": 62395,
              "highlights": 94416,
              "new_enrollments": 30254,
              "new_highlights": 56843,
              "notes": 69340,
              "reading_steps": 50183,
              "task_plans": 51176,
            },
          },
          Object {
            "ends_at": "2019-10-23T07:00:00-05:00",
            "id": 6,
            "starts_at": "2019-10-16T07:00:00-05:00",
            "stats": Object {
              "active_courses": 91669,
              "active_populated_courses": 98555,
              "active_students": 48303,
              "exercise_steps": 25045,
              "highlights": 41482,
              "new_enrollments": 49549,
              "new_highlights": 10892,
              "notes": 49730,
              "reading_steps": 86630,
              "task_plans": 68326,
            },
          },
          Object {
            "ends_at": "2019-10-23T07:00:00-05:00",
            "id": 7,
            "starts_at": "2019-10-16T07:00:00-05:00",
            "stats": Object {
              "active_courses": 75154,
              "active_populated_courses": 60306,
              "active_students": 82634,
              "exercise_steps": 12062,
              "highlights": 51948,
              "new_enrollments": 79772,
              "new_highlights": 48089,
              "notes": 23283,
              "reading_steps": 61289,
              "task_plans": 43686,
            },
          },
          Object {
            "ends_at": "2019-10-23T07:00:00-05:00",
            "id": 8,
            "starts_at": "2019-10-16T07:00:00-05:00",
            "stats": Object {
              "active_courses": 975,
              "active_populated_courses": 68130,
              "active_students": 41702,
              "exercise_steps": 30412,
              "highlights": 54506,
              "new_enrollments": 68927,
              "new_highlights": 34079,
              "notes": 28270,
              "reading_steps": 34276,
              "task_plans": 43341,
            },
          },
          Object {
            "ends_at": "2019-10-23T07:00:00-05:00",
            "id": 9,
            "starts_at": "2019-10-16T07:00:00-05:00",
            "stats": Object {
              "active_courses": 45674,
              "active_populated_courses": 62490,
              "active_students": 58593,
              "exercise_steps": 66931,
              "highlights": 87545,
              "new_enrollments": 83705,
              "new_highlights": 26828,
              "notes": 86936,
              "reading_steps": 51042,
              "task_plans": 26780,
            },
          },
          Object {
            "ends_at": "2019-10-23T07:00:00-05:00",
            "id": 10,
            "starts_at": "2019-10-16T07:00:00-05:00",
            "stats": Object {
              "active_courses": 17537,
              "active_populated_courses": 24366,
              "active_students": 76368,
              "exercise_steps": 8319,
              "highlights": 67468,
              "new_enrollments": 89110,
              "new_highlights": 31496,
              "notes": 27051,
              "reading_steps": 84234,
              "task_plans": 53006,
            },
          },
          Object {
            "ends_at": "2019-10-23T07:00:00-05:00",
            "id": 11,
            "starts_at": "2019-10-16T07:00:00-05:00",
            "stats": Object {
              "active_courses": 21229,
              "active_populated_courses": 62724,
              "active_students": 88532,
              "exercise_steps": 9571,
              "highlights": 19422,
              "new_enrollments": 16009,
              "new_highlights": 52087,
              "notes": 18033,
              "reading_steps": 57245,
              "task_plans": 49431,
            },
          },
          Object {
            "ends_at": "2019-10-23T07:00:00-05:00",
            "id": 12,
            "starts_at": "2019-10-16T07:00:00-05:00",
            "stats": Object {
              "active_courses": 47704,
              "active_populated_courses": 15895,
              "active_students": 55678,
              "exercise_steps": 59443,
              "highlights": 72341,
              "new_enrollments": 50720,
              "new_highlights": 30988,
              "notes": 91905,
              "reading_steps": 1612,
              "task_plans": 99428,
            },
          },
          Object {
            "ends_at": "2019-10-23T07:00:00-05:00",
            "id": 13,
            "starts_at": "2019-10-16T07:00:00-05:00",
            "stats": Object {
              "active_courses": 10854,
              "active_populated_courses": 55438,
              "active_students": 69197,
              "exercise_steps": 31876,
              "highlights": 15307,
              "new_enrollments": 90976,
              "new_highlights": 51165,
              "notes": 28079,
              "reading_steps": 69552,
              "task_plans": 76383,
            },
          },
          Object {
            "ends_at": "2019-10-23T07:00:00-05:00",
            "id": 14,
            "starts_at": "2019-10-16T07:00:00-05:00",
            "stats": Object {
              "active_courses": 85497,
              "active_populated_courses": 4359,
              "active_students": 35739,
              "exercise_steps": 84166,
              "highlights": 38895,
              "new_enrollments": 39294,
              "new_highlights": 71139,
              "notes": 21837,
              "reading_steps": 92513,
              "task_plans": 36310,
            },
          },
          Object {
            "ends_at": "2019-10-23T07:00:00-05:00",
            "id": 15,
            "starts_at": "2019-10-16T07:00:00-05:00",
            "stats": Object {
              "active_courses": 54916,
              "active_populated_courses": 35591,
              "active_students": 99535,
              "exercise_steps": 70495,
              "highlights": 30476,
              "new_enrollments": 413,
              "new_highlights": 55671,
              "notes": 23130,
              "reading_steps": 39818,
              "task_plans": 38017,
            },
          },
          Object {
            "ends_at": "2019-10-23T07:00:00-05:00",
            "id": 16,
            "starts_at": "2019-10-16T07:00:00-05:00",
            "stats": Object {
              "active_courses": 4302,
              "active_populated_courses": 39887,
              "active_students": 15112,
              "exercise_steps": 69170,
              "highlights": 76254,
              "new_enrollments": 29258,
              "new_highlights": 87505,
              "notes": 63802,
              "reading_steps": 59317,
              "task_plans": 5764,
            },
          },
          Object {
            "ends_at": "2019-10-23T07:00:00-05:00",
            "id": 17,
            "starts_at": "2019-10-16T07:00:00-05:00",
            "stats": Object {
              "active_courses": 87350,
              "active_populated_courses": 10590,
              "active_students": 66662,
              "exercise_steps": 51312,
              "highlights": 24085,
              "new_enrollments": 55204,
              "new_highlights": 2942,
              "notes": 76276,
              "reading_steps": 34345,
              "task_plans": 36786,
            },
          },
          Object {
            "ends_at": "2019-10-23T07:00:00-05:00",
            "id": 18,
            "starts_at": "2019-10-16T07:00:00-05:00",
            "stats": Object {
              "active_courses": 46023,
              "active_populated_courses": 55325,
              "active_students": 84650,
              "exercise_steps": 66156,
              "highlights": 13089,
              "new_enrollments": 29369,
              "new_highlights": 19317,
              "notes": 24024,
              "reading_steps": 32198,
              "task_plans": 88480,
            },
          },
          Object {
            "ends_at": "2019-10-23T07:00:00-05:00",
            "id": 19,
            "starts_at": "2019-10-16T07:00:00-05:00",
            "stats": Object {
              "active_courses": 67792,
              "active_populated_courses": 17108,
              "active_students": 35426,
              "exercise_steps": 31678,
              "highlights": 85445,
              "new_enrollments": 86857,
              "new_highlights": 80912,
              "notes": 81792,
              "reading_steps": 38483,
              "task_plans": 55948,
            },
          },
          Object {
            "ends_at": "2019-10-23T07:00:00-05:00",
            "id": 20,
            "starts_at": "2019-10-16T07:00:00-05:00",
            "stats": Object {
              "active_courses": 47845,
              "active_populated_courses": 52153,
              "active_students": 57855,
              "exercise_steps": 55237,
              "highlights": 82911,
              "new_enrollments": 58063,
              "new_highlights": 52115,
              "notes": 41799,
              "reading_steps": 33867,
              "task_plans": 5893,
            },
          },
        ],
      }
    }
  />
</ForwardRef>
`;
