// Jest Snapshot v1, https://goo.gl/fbAQLP

exports[`Task Failure matches snapshot 1`] = `
<Failure
  step={
    Object {
      "answer_id": 0,
      "available_points": 0,
      "can_be_updated": false,
      "correct_answer_id": 0,
      "dropped_method": "",
      "exercise_id": 0,
      "external_url": "",
      "feedback_html": "",
      "formats": undefined,
      "free_response": "",
      "group": "",
      "id": 0,
      "is_completed": false,
      "is_feedback_available": false,
      "labels": undefined,
      "last_completed_at": "1970-01-01T00:00:00.000Z",
      "preview": "",
      "published_comments": "",
      "published_late_work_point_penalty": 0,
      "published_points": 0,
      "published_points_without_lateness": 0,
      "response_validation": Object {},
      "spy": Object {},
      "tasked_id": 0,
      "type": "",
      "uid": "",
    }
  }
  task={
    Object {
      "closes_at": "1970-01-01T00:00:00.000Z",
      "completion_weight": 0,
      "correctness_weight": 0,
      "description": "",
      "due_at": "1970-01-01T00:00:00.000Z",
      "id": 0,
      "is_deleted": false,
      "is_provisional_score": false,
      "late_work_penalty_applied": undefined,
      "late_work_penalty_per_period": 0,
      "published_late_work_point_penalty": 0,
      "published_points": 0,
      "spy": undefined,
      "steps": Array [],
      "students": Array [],
      "title": "",
      "type": "",
    }
  }
/>
`;
