// Jest Snapshot v1, https://goo.gl/fbAQLP

exports[`Freshly Created Course prompt renders and matches snapshot 1`] = `
<div
  className="onboarding-nag freshly-created-course"
>
  <div
    className="body"
  >
    <p>
      Now that you've created your OpenStax Tutor course, tell us how you plan to use it:
    </p>
    <div
      className="why-ask why-ask-default"
      id={null}
    >
      <div
        className="why-ask-heading"
      >
        <h4
          className="why-ask-title"
          role="presentation"
        >
          <a
            aria-controls={undefined}
            aria-expanded={false}
            aria-selected={false}
            className="collapsed"
            href={undefined}
            onClick={[Function]}
            role="button"
          >
            Why are you asking?
          </a>
        </h4>
      </div>
      <div
        aria-expanded={null}
        aria-hidden={true}
        className="why-ask-collapse collapse"
        id={undefined}
        role={undefined}
      >
        <div
          className="why-ask-body"
        >
          OpenStax Tutor is funded by philanthropic foundations who want to know how their gifts impact student learning. Your confirmation helps us send accurate student numbers to our foundation supporters, helping to secure future funding.
        </div>
      </div>
    </div>
  </div>
  <div
    className="footer"
  >
    <button
      className="btn btn-default"
      disabled={false}
      onClick={[Function]}
      type="button"
    >
      Required for some course credit
    </button>
    <button
      className="btn btn-default"
      disabled={false}
      onClick={[Function]}
      type="button"
    >
      For extra credit
    </button>
    <button
      className="btn btn-default"
      disabled={false}
      onClick={[Function]}
      type="button"
    >
      As an additional resource
    </button>
    <button
      className="btn btn-default"
      disabled={false}
      onClick={[Function]}
      type="button"
    >
      I don’t know yet
    </button>
    <button
      className="btn btn-default"
      disabled={false}
      onClick={[Function]}
      type="button"
    >
      I won’t be using it
    </button>
  </div>
</div>
`;
