// Jest Snapshot v1, https://goo.gl/fbAQLP

exports[`Preview Only Warning renders and matches snapshot 1`] = `
<div
  className="openstax-debug-content"
>
  <div
    data-purpose="tour-conductor-wrapper"
  >
    <div>
      <div
        className="onboarding-nag only-preview"
      >
        <div
          className="heading"
        >
          Remember -- this is just a preview course!
        </div>
        <div
          className="body"
        >
          If you’re ready to create real assignments your students can see, create your real course now.
        </div>
        <div
          className="footer"
        >
          <button
            className="create btn btn-primary"
            disabled={false}
            onClick={[Function]}
            type="button"
          >
            Create a course
          </button>
          <button
            className="continue btn btn-primary"
            disabled={false}
            onClick={[Function]}
            type="button"
          >
            Stay in Preview course
          </button>
        </div>
      </div>
    </div>
    <div
      className="visible-when-debugging"
    >
      <div
        className="tour-spy-info"
      >
        available regions: []; region tour ids: []; audience tags: []; tour tags: []; eligible tours: []; TOUR RIDE: &lt;none&gt;
      </div>
    </div>
  </div>
  <a
    aria-hidden="true"
    className="debug-toggle-link"
    href="#spy"
    onClick={[Function]}
    tabIndex={-1}
  >
    π
  </a>
</div>
`;
