// Jest Snapshot v1, https://goo.gl/fbAQLP

exports[`Task Teacher Review: Breadcrumbs renders and matches snapshot 1`] = `
<div
  className="task-breadcrumbs"
>
  <span
    className="openstax-breadcrumbs-step icon-stack icon-lg breadcrumb-reading"
    data-chapter="1.1"
    onClick={[Function]}
  >
    <i
      className="icon-lg icon-reading"
    />
  </span>
  <span
    className="openstax-breadcrumbs-step icon-stack icon-lg breadcrumb-reading"
    data-chapter="1.2"
    onClick={[Function]}
  >
    <i
      className="icon-lg icon-reading"
    />
  </span>
  <span
    className="openstax-breadcrumbs-step icon-stack icon-lg breadcrumb-reading"
    data-chapter="1.3"
    onClick={[Function]}
  >
    <i
      className="icon-lg icon-reading"
    />
  </span>
  <span
    className="openstax-breadcrumbs-step icon-stack icon-lg breadcrumb-reading"
    data-chapter="1.4"
    onClick={[Function]}
  >
    <i
      className="icon-lg icon-reading"
    />
  </span>
  <span
    className="openstax-breadcrumbs-step icon-stack icon-lg breadcrumb-reading"
    data-chapter="1.5"
    onClick={[Function]}
  >
    <i
      className="icon-lg icon-reading"
    />
  </span>
  <span
    className="openstax-breadcrumbs-step icon-stack icon-lg breadcrumb-reading"
    data-chapter="1.6"
    onClick={[Function]}
  >
    <i
      className="icon-lg icon-reading"
    />
  </span>
  <span
    className="openstax-breadcrumbs-step icon-stack icon-lg breadcrumb-reading"
    data-chapter="1.7"
    onClick={[Function]}
  >
    <i
      className="icon-lg icon-reading"
    />
  </span>
  <span
    className="openstax-breadcrumbs-step icon-stack icon-lg breadcrumb-reading"
    data-chapter="1.8"
    onClick={[Function]}
  >
    <i
      className="icon-lg icon-reading"
    />
  </span>
  <span
    className="openstax-breadcrumbs-step icon-stack icon-lg breadcrumb-reading"
    data-chapter="1.9"
    onClick={[Function]}
  >
    <i
      className="icon-lg icon-reading"
    />
  </span>
  <span
    className="openstax-breadcrumbs-step icon-stack icon-lg breadcrumb-reading"
    data-chapter="1.10"
    onClick={[Function]}
  >
    <i
      className="icon-lg icon-reading"
    />
  </span>
  <a
    className="btn btn-default"
    href="/bread"
    onClick={[Function]}
  >
    Back to Calendar
  </a>
  <div
    className="task-title"
  >
    24/7 synthesize content
  </div>
</div>
`;
