// Jest Snapshot v1, https://goo.gl/fbAQLP

exports[`Book Menu renders and matches snapshot 1`] = `
.c6 {
  margin-right: 0.5rem;
  margin-left: 0.5rem;
}

.c7 {
  font-weight: 700;
  color: #424242;
}

.c9 {
  display: inline-block;
}

.c8 {
  display: -webkit-box;
  display: -webkit-flex;
  display: -ms-flexbox;
  display: flex;
  line-height: 2.3rem;
  color: #5f6163;
}

.c5 {
  margin-top: 4px;
  -webkit-align-self: flex-start;
  -ms-flex-item-align: start;
  align-self: flex-start;
  -webkit-transform: rotate(0deg);
  -ms-transform: rotate(0deg);
  transform: rotate(0deg);
  -webkit-transition: -webkit-transform 0.2s;
  -webkit-transition: transform 0.2s;
  transition: transform 0.2s;
}

.c5.expanded {
  -webkit-transform: rotate(90deg);
  -ms-transform: rotate(90deg);
  transform: rotate(90deg);
}

.c1 {
  list-style-type: none;
  padding: 0 1rem;
}

.c2 {
  list-style-type: none;
  margin: 1rem 0.5rem 0 0;
}

.c2.active {
  font-weight: bolder;
}

.c3 ol {
  margin-left: 2rem;
  padding-left: 0;
}

.c4 {
  cursor: pointer;
  list-style: none;
}

.c4::before {
  display: none;
}

.c4::-moz-list-bullet {
  list-style-type: none;
}

.c4::-webkit-details-marker {
  display: none;
}

.c4 > div {
  display: -webkit-box;
  display: -webkit-flex;
  display: -ms-flexbox;
  display: flex;
  -webkit-align-items: baseline;
  -webkit-box-align: baseline;
  -ms-flex-align: baseline;
  align-items: baseline;
}

.c0 {
  width: 300px;
  position: fixed;
  top: 60px;
  left: 0;
  background: white;
  margin-left: -300px;
  bottom: 0;
  z-index: 3;
  max-height: 100%;
  overflow-y: scroll;
}

.c0.open {
  margin-left: 0;
  box-shadow: 0 8px 17px 0 rgba(0,0,0,0.2),0 6px 20px 0 rgba(0,0,0,0.19);
}

.c0.open.ontop {
  z-index: 1130;
  box-shadow: 0 8px 17px 0 rgba(0,0,0,0.2);
}

.c0 .chapter-section {
  margin-right: 0.4rem;
}

<div
  className="book-menu c0"
>
  <ol
    className="section c1"
    data-depth={1}
  >
    <li
      className="c2"
    >
      <details
        className="c3"
        data-node-id="123"
        open={true}
      >
        <summary
          className="c4"
          onClick={[Function]}
        >
          <div>
            <svg
              aria-hidden="true"
              className="svg-inline--fa fa-caret-right fa-w-6 ox-icon ox-icon-caret-right expanded c5 c6"
              data-icon="caret-right"
              data-prefix="fas"
              focusable="false"
              role="img"
              style={Object {}}
              viewBox="0 0 192 512"
              xmlns="http://www.w3.org/2000/svg"
            >
              <path
                d="M0 384.662V127.338c0-17.818 21.543-26.741 34.142-14.142l128.662 128.662c7.81 7.81 7.81 20.474 0 28.284L34.142 398.804C21.543 411.404 0 402.48 0 384.662z"
                fill="currentColor"
                style={Object {}}
              />
            </svg>
            <span
              className="chapter-section c7"
              data-chapter-section="1.0"
            >
              1
            </span>
            <div
              className="c8"
            >
              <div
                className="c9"
                dangerouslySetInnerHTML={
                  Object {
                    "__html": "Kinematics",
                  }
                }
              />
            </div>
          </div>
        </summary>
        <ol
          className="c1"
        >
          <li
            className="active c2"
            data-node-id="234"
          >
            <a
              className="node"
              href="/book/1/page/1234"
              onClick={[Function]}
              tabIndex={12}
            >
              <div
                className="c8"
              >
                <span
                  className="chapter-section c7"
                  data-chapter-section="1.1"
                >
                  1.1
                </span>
                <div
                  className="c9"
                  dangerouslySetInnerHTML={
                    Object {
                      "__html": "Kinematics in 1 dim",
                    }
                  }
                />
              </div>
            </a>
          </li>
          <li
            className="c2"
            data-node-id="235"
          >
            <a
              className="node"
              href="/book/1/page/1234"
              onClick={[Function]}
              tabIndex={12}
            >
              <div
                className="c8"
              >
                <span
                  className="chapter-section c7"
                  data-chapter-section="1.2"
                >
                  1.2
                </span>
                <div
                  className="c9"
                  dangerouslySetInnerHTML={
                    Object {
                      "__html": "Kinematics in 2 dim",
                    }
                  }
                />
              </div>
            </a>
          </li>
          <li
            className="c2"
            data-node-id="236"
          >
            <a
              className="node"
              href="/book/1/page/1234"
              onClick={[Function]}
              tabIndex={12}
            >
              <div
                className="c8"
              >
                <span
                  className="chapter-section c7"
                  data-chapter-section="1.3"
                >
                  1.3
                </span>
                <div
                  className="c9"
                  dangerouslySetInnerHTML={
                    Object {
                      "__html": "Kinematics in 3 dim",
                    }
                  }
                />
              </div>
            </a>
          </li>
        </ol>
      </details>
    </li>
  </ol>
  <ol
    className="section c1"
    data-depth={1}
  >
    <li
      className="c2"
    >
      <details
        className="c3"
        data-node-id="124"
        open={false}
      >
        <summary
          className="c4"
          onClick={[Function]}
        >
          <div>
            <svg
              aria-hidden="true"
              className="svg-inline--fa fa-caret-right fa-w-6 ox-icon ox-icon-caret-right c5 c6"
              data-icon="caret-right"
              data-prefix="fas"
              focusable="false"
              role="img"
              style={Object {}}
              viewBox="0 0 192 512"
              xmlns="http://www.w3.org/2000/svg"
            >
              <path
                d="M0 384.662V127.338c0-17.818 21.543-26.741 34.142-14.142l128.662 128.662c7.81 7.81 7.81 20.474 0 28.284L34.142 398.804C21.543 411.404 0 402.48 0 384.662z"
                fill="currentColor"
                style={Object {}}
              />
            </svg>
            <span
              className="chapter-section c7"
              data-chapter-section="2.0"
            >
              2
            </span>
            <div
              className="c8"
            >
              <div
                className="c9"
                dangerouslySetInnerHTML={
                  Object {
                    "__html": "Mechanics",
                  }
                }
              />
            </div>
          </div>
        </summary>
        <ol
          className="c1"
        >
          <li
            className="c2"
            data-node-id="237"
          >
            <a
              className="node"
              href="/book/1/page/1234"
              onClick={[Function]}
              tabIndex={12}
            >
              <div
                className="c8"
              >
                <span
                  className="chapter-section c7"
                  data-chapter-section="2.1"
                >
                  2.1
                </span>
                <div
                  className="c9"
                  dangerouslySetInnerHTML={
                    Object {
                      "__html": "Mechanics in 1 dim",
                    }
                  }
                />
              </div>
            </a>
          </li>
          <li
            className="c2"
            data-node-id="238"
          >
            <a
              className="node"
              href="/book/1/page/1234"
              onClick={[Function]}
              tabIndex={12}
            >
              <div
                className="c8"
              >
                <span
                  className="chapter-section c7"
                  data-chapter-section="2.2"
                >
                  2.2
                </span>
                <div
                  className="c9"
                  dangerouslySetInnerHTML={
                    Object {
                      "__html": "Mechanics in 2 dim",
                    }
                  }
                />
              </div>
            </a>
          </li>
          <li
            className="c2"
            data-node-id="239"
          >
            <a
              className="node"
              href="/book/1/page/1234"
              onClick={[Function]}
              tabIndex={12}
            >
              <div
                className="c8"
              >
                <span
                  className="chapter-section c7"
                  data-chapter-section="2.3"
                >
                  2.3
                </span>
                <div
                  className="c9"
                  dangerouslySetInnerHTML={
                    Object {
                      "__html": "Mechanics in 3 dim",
                    }
                  }
                />
              </div>
            </a>
          </li>
        </ol>
      </details>
    </li>
  </ol>
  <ol
    className="section c1"
    data-depth={1}
  >
    <li
      className="c2"
    >
      <details
        className="c3"
        data-node-id="125"
        open={false}
      >
        <summary
          className="c4"
          onClick={[Function]}
        >
          <div>
            <svg
              aria-hidden="true"
              className="svg-inline--fa fa-caret-right fa-w-6 ox-icon ox-icon-caret-right c5 c6"
              data-icon="caret-right"
              data-prefix="fas"
              focusable="false"
              role="img"
              style={Object {}}
              viewBox="0 0 192 512"
              xmlns="http://www.w3.org/2000/svg"
            >
              <path
                d="M0 384.662V127.338c0-17.818 21.543-26.741 34.142-14.142l128.662 128.662c7.81 7.81 7.81 20.474 0 28.284L34.142 398.804C21.543 411.404 0 402.48 0 384.662z"
                fill="currentColor"
                style={Object {}}
              />
            </svg>
            <span
              className="chapter-section c7"
              data-chapter-section="3.0"
            >
              3
            </span>
            <div
              className="c8"
            >
              <div
                className="c9"
                dangerouslySetInnerHTML={
                  Object {
                    "__html": "Thermodynamics",
                  }
                }
              />
            </div>
          </div>
        </summary>
        <ol
          className="c1"
        >
          <li
            className="c2"
            data-node-id="240"
          >
            <a
              className="node"
              href="/book/1/page/1234"
              onClick={[Function]}
              tabIndex={12}
            >
              <div
                className="c8"
              >
                <span
                  className="chapter-section c7"
                  data-chapter-section="3.1"
                >
                  3.1
                </span>
                <div
                  className="c9"
                  dangerouslySetInnerHTML={
                    Object {
                      "__html": "Thermodynamics in 1 dim",
                    }
                  }
                />
              </div>
            </a>
          </li>
          <li
            className="c2"
            data-node-id="241"
          >
            <a
              className="node"
              href="/book/1/page/1234"
              onClick={[Function]}
              tabIndex={12}
            >
              <div
                className="c8"
              >
                <span
                  className="chapter-section c7"
                  data-chapter-section="3.2"
                >
                  3.2
                </span>
                <div
                  className="c9"
                  dangerouslySetInnerHTML={
                    Object {
                      "__html": "Thermodynamics in 2 dim",
                    }
                  }
                />
              </div>
            </a>
          </li>
          <li
            className="c2"
            data-node-id="242"
          >
            <a
              className="node"
              href="/book/1/page/1234"
              onClick={[Function]}
              tabIndex={12}
            >
              <div
                className="c8"
              >
                <span
                  className="chapter-section c7"
                  data-chapter-section="3.2"
                >
                  3.2
                </span>
                <div
                  className="c9"
                  dangerouslySetInnerHTML={
                    Object {
                      "__html": "Thermodynamics in 3 dim",
                    }
                  }
                />
              </div>
            </a>
          </li>
        </ol>
      </details>
    </li>
  </ol>
</div>
`;
