// Jest Snapshot v1, https://goo.gl/fbAQLP

exports[`Tasks External URL Screen matches snapshot 1`] = `
<C>
  <WithFooterWrapper
    ux={
      TaskUX {
        "_stepId": "instructions",
        "_task": StudentTask {
          "closes_at": 2017-10-21T12:00:00.000Z,
          "complete": undefined,
          "completion_weight": 0,
          "correctness_weight": 1,
          "description": "maximized",
          "due_at": 2017-10-14T12:00:00.000Z,
          "feedback_at": undefined,
          "id": 1,
          "isLoading": false,
          "is_deleted": false,
          "late_work_penalty_applied": "assignment",
          "late_work_penalty_per_period": 1,
          "spy": Object {},
          "steps": Array [],
          "published_late_work_point_penalty": 0,
          "published_points": 1,
          "students": Array [],
          "tasksMap": Object {},
          "title": "6th generation",
          "type": "event",
        },
        "course": Course {
          "appearance_code": "college_physics",
          "book_pdf_url": "https://archive.cnx.org/exports/185cbf87-c72e-48f5-b51e-f14f21b5eabd.pdf",
          "cloned_from_id": null,
          "current_role_id": 1,
          "default_due_time": "07:00",
          "default_open_time": "00:32",
          "does_cost": false,
          "ecosystem_book_uuid": "947a1417-5fd5-4b3c-ac8f-bd9d1aedf2d2",
          "ecosystem_id": 1,
          "ends_at": "2017-11-14T13:00:00.000Z",
          "homework_progress_weight": 0.1,
          "homework_score_weight": 0.4,
          "homework_weight": 0.5,
          "id": 1,
          "isInvalidAssignmentDate": [Function],
          "is_access_switchable": true,
          "is_active": true,
          "is_college": true,
          "is_concept_coach": false,
          "is_lms_enabled": undefined,
          "is_lms_enabling_allowed": false,
          "is_preview": false,
          "just_created": false,
          "map": undefined,
          "name": "College Physics",
          "offering_id": 1,
          "periods": Array [
            CoursePeriod {
              "$nonSerializable": Object {
                "course": true,
              },
              "course": [Circular],
              "course_association_name": "periods",
              "default_due_time": "07:00",
              "default_open_time": "00:01",
              "enrollment_code": "78629",
              "enrollment_url": "http://localhost:3001/enroll/78629",
              "id": 1,
              "is_archived": false,
              "name": "1st",
              "num_enrolled_students": 36,
              "teacher_student_role_id": 1,
            },
            CoursePeriod {
              "$nonSerializable": Object {
                "course": true,
              },
              "course": [Circular],
              "course_association_name": "periods",
              "default_due_time": "07:00",
              "default_open_time": "00:01",
              "enrollment_code": "78629",
              "enrollment_url": "http://localhost:3001/enroll/78629",
              "id": 2,
              "is_archived": false,
              "name": "2nd",
              "num_enrolled_students": 68,
              "teacher_student_role_id": 2,
            },
            CoursePeriod {
              "$nonSerializable": Object {
                "course": true,
              },
              "course": [Circular],
              "course_association_name": "periods",
              "default_due_time": "07:00",
              "default_open_time": "00:01",
              "enrollment_code": "78629",
              "enrollment_url": "http://localhost:3001/enroll/78629",
              "id": 3,
              "is_archived": false,
              "name": "3rd",
              "num_enrolled_students": 9,
              "teacher_student_role_id": 3,
            },
          ],
          "reading_progress_weight": 0.2,
          "reading_score_weight": 0.2,
          "reading_weight": 0.5,
          "roles": Array [
            CourseRole {
              "$nonSerializable": Object {
                "course": true,
              },
              "course": [Circular],
              "course_association_name": "roles",
              "id": 1,
              "joined_at": 2017-07-21T12:00:00.000Z,
              "period_id": undefined,
              "research_identifier": undefined,
              "type": "student",
            },
          ],
          "salesforce_book_name": "College Physics",
          "starts_at": "2017-07-14T12:00:00.000Z",
          "students": Array [
            CourseStudent {
              "$nonSerializable": Object {
                "course": true,
              },
              "course": [Circular],
              "course_association_name": "students",
              "first_name": "Eulah",
              "id": 1,
              "is_active": true,
              "is_comped": false,
              "is_paid": false,
              "is_refund_allowed": undefined,
              "is_refund_pending": undefined,
              "last_name": "Kreiger",
              "name": undefined,
              "payment_due_at": 2017-10-17T12:00:00.000Z,
              "period_id": undefined,
              "prompt_student_to_pay": false,
              "role_id": 1,
              "roster": undefined,
              "student_identifier": "",
              "uuid": undefined,
            },
          ],
          "term": "spring",
          "time_zone": "Central Time (US & Canada)",
          "uses_pre_wrm_scores": false,
          "uuid": "46c355d8-0a81-432e-97a3-d48dd86a5c5d",
          "webview_url": "https://qa.cnx.org/contents/185cbf87-c72e-48f5-b51e-f14f21b5eabd",
          "year": 2017,
        },
        "history": Object {
          "createHref": [MockFunction],
          "listen": [MockFunction],
          "location": Object {
            "pathname": "/",
          },
          "push": [MockFunction],
          "replace": [MockFunction],
        },
        "isLocked": false,
        "viewedInfoSteps": Array [],
        "window": [Window],
      }
    }
  />
</C>
`;
