// Jest Snapshot v1, https://goo.gl/fbAQLP

exports[`Exercise Preview Wrapper Component renders and matches snapshot 1`] = `
<div
  className="tour-anchor"
  data-tour-anchor-id="exercise-preview"
>
  <div
    className="openstax-exercise-preview exercise-card non-interactive is-vertically-truncated card"
    data-exercise-id="1@1"
    tabIndex={-1}
  >
    <div
      className="card-body"
    >
      <div
        className="exercise-body"
      >
        <div>
          <div
            className="openstax-question openstax-question-preview"
          >
            <div
              className="question-stem"
              dangerouslySetInnerHTML={
                Object {
                  "__html": "What conditions imply that we can use classical physics without considering special relativity or quantum mechanics?",
                }
              }
            />
            <div
              className="answers-table"
            >
              <div
                className="openstax-answer"
              >
                <section
                  className="answers-answer disabled"
                  role="region"
                >
                  <div
                    className="correct-incorrect"
                  />
                  <label
                    className="answer-label"
                    htmlFor="1-option-0"
                    onKeyPress={[Function]}
                  >
                    <span
                      className="answer-letter-wrapper"
                    >
                      <button
                        aria-label="Choice a:"
                        className="answer-letter"
                        data-test-id="answer-choice-a"
                        disabled={true}
                      >
                        a
                      </button>
                    </span>
                    <div
                      className="answer-answer"
                    >
                      <div
                        className="answer-content"
                        dangerouslySetInnerHTML={
                          Object {
                            "__html": "<ol>
  <li>matter is moving at speeds of less than roughly 1% the speed of light,</li>
  <li>objects are too small to be seen with the naked eye, and</li>
  <li>there is the involvement of only a weak gravitational field</li>
</ol>
",
                          }
                        }
                      />
                    </div>
                  </label>
                </section>
              </div>
              <div
                className="openstax-answer"
              >
                <section
                  className="answers-answer disabled"
                  role="region"
                >
                  <div
                    className="correct-incorrect"
                  />
                  <label
                    className="answer-label"
                    htmlFor="1-option-1"
                    onKeyPress={[Function]}
                  >
                    <span
                      className="answer-letter-wrapper"
                    >
                      <button
                        aria-label="Choice b:"
                        className="answer-letter"
                        data-test-id="answer-choice-b"
                        disabled={true}
                      >
                        b
                      </button>
                    </span>
                    <div
                      className="answer-answer"
                    >
                      <div
                        className="answer-content"
                        dangerouslySetInnerHTML={
                          Object {
                            "__html": "<ol>
  <li>matter is moving at speeds greater than roughly 1% the speed of light,</li>
  <li>objects are large enough to be seen with the naked eye, and</li>
  <li>there is the involvement of a strong gravitational field</li>
</ol>
",
                          }
                        }
                      />
                    </div>
                  </label>
                </section>
              </div>
              <div
                className="openstax-answer"
              >
                <section
                  className="answers-answer disabled"
                  role="region"
                >
                  <div
                    className="correct-incorrect"
                  />
                  <label
                    className="answer-label"
                    htmlFor="1-option-2"
                    onKeyPress={[Function]}
                  >
                    <span
                      className="answer-letter-wrapper"
                    >
                      <button
                        aria-label="Choice c:"
                        className="answer-letter"
                        data-test-id="answer-choice-c"
                        disabled={true}
                      >
                        c
                      </button>
                    </span>
                    <div
                      className="answer-answer"
                    >
                      <div
                        className="answer-content"
                        dangerouslySetInnerHTML={
                          Object {
                            "__html": "<ol>
  <li>matter is moving at speeds of less than roughly 1% the speed of light,</li>
  <li>objects are large enough to be seen with the naked eye, and</li>
  <li>there is the involvement of a strong gravitational field</li>
</ol>
",
                          }
                        }
                      />
                    </div>
                  </label>
                </section>
              </div>
              <div
                className="openstax-answer"
              >
                <section
                  className="answers-answer disabled"
                  role="region"
                >
                  <div
                    className="correct-incorrect"
                  />
                  <label
                    className="answer-label"
                    htmlFor="1-option-3"
                    onKeyPress={[Function]}
                  >
                    <span
                      className="answer-letter-wrapper"
                    >
                      <button
                        aria-label="Choice d:"
                        className="answer-letter"
                        data-test-id="answer-choice-d"
                        disabled={true}
                      >
                        d
                      </button>
                    </span>
                    <div
                      className="answer-answer"
                    >
                      <div
                        className="answer-content"
                        dangerouslySetInnerHTML={
                          Object {
                            "__html": "<ol>
  <li>matter is moving at speeds of less than roughly 1% the speed of light,</li>
  <li>objects are large enough to be seen with the naked eye, and</li>
  <li>there is the involvement of a weak gravitational field</li>
</ol>
",
                          }
                        }
                      />
                    </div>
                  </label>
                </section>
              </div>
            </div>
            <div
              className="detailed-solution"
            >
              <div
                className="header"
              >
                Detailed solution
              </div>
              <div
                className="solution"
                dangerouslySetInnerHTML={
                  Object {
                    "__html": "four",
                  }
                }
              />
            </div>
          </div>
        </div>
      </div>
      <div
        className="exercise-footer"
      >
        <div>
          <div
            className="exercise-tags"
          >
            <span
              className="exercise-tag"
              data-test-id="tag-type-lo"
            >
              lo:stax-phys:1-2-1
            </span>
            <span
              className="exercise-tag"
              data-test-id="tag-type-blooms"
            >
              blooms:3
            </span>
            <span
              className="exercise-tag"
              data-test-id="tag-type-dok"
            >
              dok:3
            </span>
            <span
              className="exercise-tag"
              data-test-id="tag-type-time"
            >
              time:long
            </span>
            <span
              className="exercise-tag"
              data-test-id="tag-type-ID"
            >
              ID:1@1
            </span>
          </div>
        </div>
        <div />
      </div>
    </div>
  </div>
</div>
`;
