// Jest Snapshot v1, https://goo.gl/fbAQLP

exports[`CreateCourse: entering details matches snapshot 1`] = `
<form
  className=""
>
  <i
    className="tutor-icon best-practices"
  />
  <p
    className="explain"
  >
    If you teach multiple sections of the same course, include all sections below. You can add or remove sections later.
  </p>
  <div
    className="course-details-sections form-group"
  >
    <label
      className="control-label"
      htmlFor={undefined}
    >
      <span
        className="input-group"
      >
        <span
          className="input-group-addon"
        >
          Number of sections
          <p
            className="course-details-explain"
          >
            in this course
          </p>
        </span>
        <input
          className="form-control"
          defaultValue={1}
          id={undefined}
          min="1"
          onChange={[Function]}
          type="number"
        />
      </span>
    </label>
  </div>
  <div
    className="course-details-numbers form-group"
  >
    <label
      className="control-label"
      htmlFor={undefined}
    >
      <span
        className="input-group"
      >
        <span
          className="input-group-addon"
        >
          Estimated number of students
          <p
            className="course-details-explain"
          >
            in this course
          </p>
        </span>
        <input
          className="form-control"
          defaultValue=""
          id={undefined}
          min="1"
          onChange={[Function]}
          type="number"
        />
      </span>
    </label>
  </div>
</form>
`;
