// Jest Snapshot v1, https://goo.gl/fbAQLP

exports[`CreateCourse: choosing offering matches snapshot 1`] = `
<div
  className="course-offering"
  data-appearance="college_biology"
>
  <div
    className="contents"
  >
    <div
      className="title"
    >
      College Biology
    </div>
    <div
      className="sub-title"
    />
  </div>
</div>
`;
